EN lcd NULL C:/Users/aula.ELE.000/Documents/System/trabalho-novo/PUC-ComputacaoDigital-Trabalho/LCD.vhd sub00/vhpl11 1574679381
AR lcd behavioral C:/Users/aula.ELE.000/Documents/System/trabalho-novo/PUC-ComputacaoDigital-Trabalho/LCD.vhd sub00/vhpl12 1574679382
AR cpu2 behavioral C:/Users/aula.ELE.000/Documents/System/trabalho-novo/PUC-ComputacaoDigital-Trabalho/CPU2.vhd sub00/vhpl14 1574681565
PH mypkg NULL C:/Users/aula.ELE.000/Documents/System/_T_/myPKG.vhd sub00/vhpl06 1574443019
AR alu aluarch C:/Users/aula.ELE.000/Documents/System/_T_/ALU.vhd sub00/vhpl05 1574078598
EN cpu NULL C:/Users/aula.ELE.000/Documents/System/trabalho-novo/PUC-ComputacaoDigital-Trabalho/CPU.vhd sub00/vhpl01 1574677212
AR cpu behavioral C:/Users/aula.ELE.000/Documents/System/trabalho-novo/PUC-ComputacaoDigital-Trabalho/CPU.vhd sub00/vhpl02 1574677213
EN mapchar NULL C:/Users/aula.ELE.000/Documents/System/trabalho-novo/PUC-ComputacaoDigital-Trabalho/MapChar.vhd sub00/vhpl00 1574679375
AR mapchar behavioral C:/Users/aula.ELE.000/Documents/System/trabalho-novo/PUC-ComputacaoDigital-Trabalho/MapChar.vhd sub00/vhpl08 1574679376
AR ram behavioral C:/Users/aula.ELE.000/Documents/System/trabalho-novo/PUC-ComputacaoDigital-Trabalho/RAM.vhd sub00/vhpl10 1574681561
PB mypkg mypkg C:/Users/aula.ELE.000/Documents/System/_T_/myPKG.vhd sub00/vhpl07 1574443020
AR alu behavioral C:/Users/aula.ELE.000/Documents/System/trabalho-novo/PUC-ComputacaoDigital-Trabalho/ALU.vhd sub00/vhpl04 1574681563
EN ram NULL C:/Users/aula.ELE.000/Documents/System/trabalho-novo/PUC-ComputacaoDigital-Trabalho/RAM.vhd sub00/vhpl09 1574681560
EN cpu2 NULL C:/Users/aula.ELE.000/Documents/System/trabalho-novo/PUC-ComputacaoDigital-Trabalho/CPU2.vhd sub00/vhpl13 1574681564
EN alu NULL C:/Users/aula.ELE.000/Documents/System/trabalho-novo/PUC-ComputacaoDigital-Trabalho/ALU.vhd sub00/vhpl03 1574681562
