V3 29
FL /home/ropumar/Documents/PUC-ComputacaoDigital-Trabalho/ALU.vhd 2019/11/24.18:12:22 P.20131013
EN work/ALU 1574631702 \
      FL /home/ropumar/Documents/PUC-ComputacaoDigital-Trabalho/ALU.vhd \
      PB ieee/std_logic_1164 1364358218 PB ieee/NUMERIC_STD 1364358223
AR work/ALU/Behavioral 1574631703 \
      FL /home/ropumar/Documents/PUC-ComputacaoDigital-Trabalho/ALU.vhd \
      EN work/ALU 1574631702
FL /home/ropumar/Documents/PUC-ComputacaoDigital-Trabalho/CPU.vhd 2019/11/24.18:13:05 P.20131013
EN work/CPU 1574631706 \
      FL /home/ropumar/Documents/PUC-ComputacaoDigital-Trabalho/CPU.vhd \
      PB ieee/std_logic_1164 1364358218 PB ieee/NUMERIC_STD 1364358223
AR work/CPU/Behavioral 1574631707 \
      FL /home/ropumar/Documents/PUC-ComputacaoDigital-Trabalho/CPU.vhd \
      EN work/CPU 1574631706 CP RAM CP ALU CP LCD
FL /home/ropumar/Documents/PUC-ComputacaoDigital-Trabalho/LCD.vhd 2019/11/24.18:26:03 P.20131013
EN work/LCD 1574631704 \
      FL /home/ropumar/Documents/PUC-ComputacaoDigital-Trabalho/LCD.vhd \
      PB ieee/std_logic_1164 1364358218 PB ieee/NUMERIC_STD 1364358223
AR work/LCD/Behavioral 1574631705 \
      FL /home/ropumar/Documents/PUC-ComputacaoDigital-Trabalho/LCD.vhd \
      EN work/LCD 1574631704
FL /home/ropumar/Documents/PUC-ComputacaoDigital-Trabalho/MapChar.vhd 2019/11/24.18:14:08 P.20131013
EN work/MapChar 1574630429 \
      FL /home/ropumar/Documents/PUC-ComputacaoDigital-Trabalho/MapChar.vhd \
      PB ieee/std_logic_1164 1364358218 PB ieee/NUMERIC_STD 1364358223
AR work/MapChar/Behavioral 1574630430 \
      FL /home/ropumar/Documents/PUC-ComputacaoDigital-Trabalho/MapChar.vhd \
      EN work/MapChar 1574630429
FL /home/ropumar/Documents/PUC-ComputacaoDigital-Trabalho/RAM.vhd 2019/11/24.18:20:19 P.20131013
EN work/RAM 1574631700 \
      FL /home/ropumar/Documents/PUC-ComputacaoDigital-Trabalho/RAM.vhd \
      PB ieee/std_logic_1164 1364358218 PB ieee/NUMERIC_STD 1364358223
AR work/RAM/Behavioral 1574631701 \
      FL /home/ropumar/Documents/PUC-ComputacaoDigital-Trabalho/RAM.vhd \
      EN work/RAM 1574631700
FL C:/Users/aula.ELE.000/Documents/System/_T_/ALU.vhd 2019/11/22.11:00:46 P.20131013
FL C:/Users/aula.ELE.000/Documents/System/_T_/CPU.vhd 2019/11/22.14:16:54 P.20131013
FL C:/Users/aula.ELE.000/Documents/System/_T_/LCD.vhd 2019/11/22.09:19:35 P.20131013
FL C:/Users/aula.ELE.000/Documents/System/_T_/MapChar.vhd 2019/11/22.13:44:48 P.20131013
FL C:/Users/aula.ELE.000/Documents/System/_T_/myPKG.vhd 2019/11/22.09:14:37 P.20131013
PH work/myPKG 1574443019 FL C:/Users/aula.ELE.000/Documents/System/_T_/myPKG.vhd \
      PB ieee/std_logic_1164 1364358218
PB work/myPKG 1574443020 \
      FL C:/Users/aula.ELE.000/Documents/System/_T_/myPKG.vhd PH work/myPKG 1574443019
FL C:/Users/aula.ELE.000/Documents/System/_T_/RAM.vhd 2019/11/22.13:55:52 P.20131013
FL E:/repos/PUC-ComputacaoDigital-Trabalho/ALU.vhd 2019/10/30.08:43:42 P.20131013
FL E:/repos/PUC-ComputacaoDigital-Trabalho/CPU.vhd 2019/11/13.10:10:42 P.20131013
FL E:/repos/PUC-ComputacaoDigital-Trabalho/MapChar.vhd 2019/11/06.10:19:04 P.20131013
